This is pdfTeX, Version 3.141592653-2.6-1.40.24 (TeX Live 2022) (preloaded format=pdflatex 2022.10.10)  23 MAR 2026 12:01
entering extended mode
 restricted \write18 enabled.
 file:line:error style messages enabled.
 %&-line parsing enabled.
**/Users/iraklissy/Developer/2.Dev-local/Papers/NexusForum/test.tex
(/Users/iraklissy/Developer/2.Dev-local/Papers/NexusForum/test.tex
LaTeX2e <2021-11-15> patch level 1
L3 programming layer <2022-02-24> (/usr/local/texlive/2022/texmf-dist/tex/latex/base/report.cls
Document Class: report 2021/10/04 v1.4n Standard LaTeX document class
(/usr/local/texlive/2022/texmf-dist/tex/latex/base/size12.clo
File: size12.clo 2021/10/04 v1.4n Standard LaTeX file (size option)
)
\c@part=\count185
\c@chapter=\count186
\c@section=\count187
\c@subsection=\count188
\c@subsubsection=\count189
\c@paragraph=\count190
\c@subparagraph=\count191
\c@figure=\count192
\c@table=\count193
\abovecaptionskip=\skip47
\belowcaptionskip=\skip48
\bibindent=\dimen138
) (/usr/local/texlive/2022/texmf-dist/tex/latex/base/fontenc.sty
Package: fontenc 2021/04/29 v2.0v Standard LaTeX package
) (/usr/local/texlive/2022/texmf-dist/tex/latex/graphics/graphicx.sty
Package: graphicx 2021/09/16 v1.2d Enhanced LaTeX Graphics (DPC,SPQR)
 (/usr/local/texlive/2022/texmf-dist/tex/latex/graphics/keyval.sty
Package: keyval 2014/10/28 v1.15 key=value parser (DPC)
\KV@toks@=\toks16
) (/usr/local/texlive/2022/texmf-dist/tex/latex/graphics/graphics.sty
Package: graphics 2021/03/04 v1.4d Standard LaTeX Graphics (DPC,SPQR)
 (/usr/local/texlive/2022/texmf-dist/tex/latex/graphics/trig.sty
Package: trig 2021/08/11 v1.11 sin cos tan (DPC)
) (/usr/local/texlive/2022/texmf-dist/tex/latex/graphics-cfg/graphics.cfg
File: graphics.cfg 2016/06/04 v1.11 sample graphics configuration
)
Package graphics Info: Driver file: pdftex.def on input line 107.
 (/usr/local/texlive/2022/texmf-dist/tex/latex/graphics-def/pdftex.def
File: pdftex.def 2020/10/05 v1.2a Graphics/color driver for pdftex
))
\Gin@req@height=\dimen139
\Gin@req@width=\dimen140
) (/usr/local/texlive/2022/texmf-dist/tex/latex/pgf/frontendlayer/tikz.sty (/usr/local/texlive/2022/texmf-dist/tex/latex/pgf/basiclayer/pgf.sty (/usr/local/texlive/2022/texmf-dist/tex/latex/pgf/utilities/pgfrcs.sty (/usr/local/texlive/2022/texmf-dist/tex/generic/pgf/utilities/pgfutil-common.tex
\pgfutil@everybye=\toks17
\pgfutil@tempdima=\dimen141
\pgfutil@tempdimb=\dimen142
 (/usr/local/texlive/2022/texmf-dist/tex/generic/pgf/utilities/pgfutil-common-lists.tex)) (/usr/local/texlive/2022/texmf-dist/tex/generic/pgf/utilities/pgfutil-latex.def
\pgfutil@abb=\box50
) (/usr/local/texlive/2022/texmf-dist/tex/generic/pgf/utilities/pgfrcs.code.tex (/usr/local/texlive/2022/texmf-dist/tex/generic/pgf/pgf.revision.tex)
Package: pgfrcs 2021/05/15 v3.1.9a (3.1.9a)
))
Package: pgf 2021/05/15 v3.1.9a (3.1.9a)
 (/usr/local/texlive/2022/texmf-dist/tex/latex/pgf/basiclayer/pgfcore.sty (/usr/local/texlive/2022/texmf-dist/tex/latex/pgf/systemlayer/pgfsys.sty (/usr/local/texlive/2022/texmf-dist/tex/generic/pgf/systemlayer/pgfsys.code.tex
Package: pgfsys 2021/05/15 v3.1.9a (3.1.9a)
 (/usr/local/texlive/2022/texmf-dist/tex/generic/pgf/utilities/pgfkeys.code.tex
\pgfkeys@pathtoks=\toks18
\pgfkeys@temptoks=\toks19
 (/usr/local/texlive/2022/texmf-dist/tex/generic/pgf/utilities/pgfkeysfiltered.code.tex
\pgfkeys@tmptoks=\toks20
))
\pgf@x=\dimen143
\pgf@y=\dimen144
\pgf@xa=\dimen145
\pgf@ya=\dimen146
\pgf@xb=\dimen147
\pgf@yb=\dimen148
\pgf@xc=\dimen149
\pgf@yc=\dimen150
\pgf@xd=\dimen151
\pgf@yd=\dimen152
\w@pgf@writea=\write3
\r@pgf@reada=\read2
\c@pgf@counta=\count194
\c@pgf@countb=\count195
\c@pgf@countc=\count196
\c@pgf@countd=\count197
\t@pgf@toka=\toks21
\t@pgf@tokb=\toks22
\t@pgf@tokc=\toks23
\pgf@sys@id@count=\count198
 (/usr/local/texlive/2022/texmf-dist/tex/generic/pgf/systemlayer/pgf.cfg
File: pgf.cfg 2021/05/15 v3.1.9a (3.1.9a)
)
Driver file for pgf: pgfsys-pdftex.def
 (/usr/local/texlive/2022/texmf-dist/tex/generic/pgf/systemlayer/pgfsys-pdftex.def
File: pgfsys-pdftex.def 2021/05/15 v3.1.9a (3.1.9a)
 (/usr/local/texlive/2022/texmf-dist/tex/generic/pgf/systemlayer/pgfsys-common-pdf.def
File: pgfsys-common-pdf.def 2021/05/15 v3.1.9a (3.1.9a)
))) (/usr/local/texlive/2022/texmf-dist/tex/generic/pgf/systemlayer/pgfsyssoftpath.code.tex
File: pgfsyssoftpath.code.tex 2021/05/15 v3.1.9a (3.1.9a)
\pgfsyssoftpath@smallbuffer@items=\count199
\pgfsyssoftpath@bigbuffer@items=\count266
) (/usr/local/texlive/2022/texmf-dist/tex/generic/pgf/systemlayer/pgfsysprotocol.code.tex
File: pgfsysprotocol.code.tex 2021/05/15 v3.1.9a (3.1.9a)
)) (/usr/local/texlive/2022/texmf-dist/tex/latex/xcolor/xcolor.sty
Package: xcolor 2021/10/31 v2.13 LaTeX color extensions (UK)
 (/usr/local/texlive/2022/texmf-dist/tex/latex/graphics-cfg/color.cfg
File: color.cfg 2016/01/02 v1.6 sample color configuration
)
Package xcolor Info: Driver file: pdftex.def on input line 227.
Package xcolor Info: Model `cmy' substituted by `cmy0' on input line 1352.
Package xcolor Info: Model `hsb' substituted by `rgb' on input line 1356.
Package xcolor Info: Model `RGB' extended on input line 1368.
Package xcolor Info: Model `HTML' substituted by `rgb' on input line 1370.
Package xcolor Info: Model `Hsb' substituted by `hsb' on input line 1371.
Package xcolor Info: Model `tHsb' substituted by `hsb' on input line 1372.
Package xcolor Info: Model `HSB' substituted by `hsb' on input line 1373.
Package xcolor Info: Model `Gray' substituted by `gray' on input line 1374.
Package xcolor Info: Model `wave' substituted by `hsb' on input line 1375.
) (/usr/local/texlive/2022/texmf-dist/tex/generic/pgf/basiclayer/pgfcore.code.tex
Package: pgfcore 2021/05/15 v3.1.9a (3.1.9a)
 (/usr/local/texlive/2022/texmf-dist/tex/generic/pgf/math/pgfmath.code.tex (/usr/local/texlive/2022/texmf-dist/tex/generic/pgf/math/pgfmathcalc.code.tex (/usr/local/texlive/2022/texmf-dist/tex/generic/pgf/math/pgfmathutil.code.tex) (/usr/local/texlive/2022/texmf-dist/tex/generic/pgf/math/pgfmathparser.code.tex
\pgfmath@dimen=\dimen153
\pgfmath@count=\count267
\pgfmath@box=\box51
\pgfmath@toks=\toks24
\pgfmath@stack@operand=\toks25
\pgfmath@stack@operation=\toks26
) (/usr/local/texlive/2022/texmf-dist/tex/generic/pgf/math/pgfmathfunctions.code.tex (/usr/local/texlive/2022/texmf-dist/tex/generic/pgf/math/pgfmathfunctions.basic.code.tex) (/usr/local/texlive/2022/texmf-dist/tex/generic/pgf/math/pgfmathfunctions.trigonometric.code.tex) (/usr/local/texlive/2022/texmf-dist/tex/generic/pgf/math/pgfmathfunctions.random.code.tex) (/usr/local/texlive/2022/texmf-dist/tex/generic/pgf/math/pgfmathfunctions.comparison.code.tex) (/usr/local/texlive/2022/texmf-dist/tex/generic/pgf/math/pgfmathfunctions.base.code.tex) (/usr/local/texlive/2022/texmf-dist/tex/generic/pgf/math/pgfmathfunctions.round.code.tex) (/usr/local/texlive/2022/texmf-dist/tex/generic/pgf/math/pgfmathfunctions.misc.code.tex) (/usr/local/texlive/2022/texmf-dist/tex/generic/pgf/math/pgfmathfunctions.integerarithmetics.code.tex))) (/usr/local/texlive/2022/texmf-dist/tex/generic/pgf/math/pgfmathfloat.code.tex
\c@pgfmathroundto@lastzeros=\count268
)) (/usr/local/texlive/2022/texmf-dist/tex/generic/pgf/math/pgfint.code.tex) (/usr/local/texlive/2022/texmf-dist/tex/generic/pgf/basiclayer/pgfcorepoints.code.tex
File: pgfcorepoints.code.tex 2021/05/15 v3.1.9a (3.1.9a)
\pgf@picminx=\dimen154
\pgf@picmaxx=\dimen155
\pgf@picminy=\dimen156
\pgf@picmaxy=\dimen157
\pgf@pathminx=\dimen158
\pgf@pathmaxx=\dimen159
\pgf@pathminy=\dimen160
\pgf@pathmaxy=\dimen161
\pgf@xx=\dimen162
\pgf@xy=\dimen163
\pgf@yx=\dimen164
\pgf@yy=\dimen165
\pgf@zx=\dimen166
\pgf@zy=\dimen167
) (/usr/local/texlive/2022/texmf-dist/tex/generic/pgf/basiclayer/pgfcorepathconstruct.code.tex
File: pgfcorepathconstruct.code.tex 2021/05/15 v3.1.9a (3.1.9a)
\pgf@path@lastx=\dimen168
\pgf@path@lasty=\dimen169
) (/usr/local/texlive/2022/texmf-dist/tex/generic/pgf/basiclayer/pgfcorepathusage.code.tex
File: pgfcorepathusage.code.tex 2021/05/15 v3.1.9a (3.1.9a)
\pgf@shorten@end@additional=\dimen170
\pgf@shorten@start@additional=\dimen171
) (/usr/local/texlive/2022/texmf-dist/tex/generic/pgf/basiclayer/pgfcorescopes.code.tex
File: pgfcorescopes.code.tex 2021/05/15 v3.1.9a (3.1.9a)
\pgfpic=\box52
\pgf@hbox=\box53
\pgf@layerbox@main=\box54
\pgf@picture@serial@count=\count269
) (/usr/local/texlive/2022/texmf-dist/tex/generic/pgf/basiclayer/pgfcoregraphicstate.code.tex
File: pgfcoregraphicstate.code.tex 2021/05/15 v3.1.9a (3.1.9a)
\pgflinewidth=\dimen172
) (/usr/local/texlive/2022/texmf-dist/tex/generic/pgf/basiclayer/pgfcoretransformations.code.tex
File: pgfcoretransformations.code.tex 2021/05/15 v3.1.9a (3.1.9a)
\pgf@pt@x=\dimen173
\pgf@pt@y=\dimen174
\pgf@pt@temp=\dimen175
) (/usr/local/texlive/2022/texmf-dist/tex/generic/pgf/basiclayer/pgfcorequick.code.tex
File: pgfcorequick.code.tex 2021/05/15 v3.1.9a (3.1.9a)
) (/usr/local/texlive/2022/texmf-dist/tex/generic/pgf/basiclayer/pgfcoreobjects.code.tex
File: pgfcoreobjects.code.tex 2021/05/15 v3.1.9a (3.1.9a)
) (/usr/local/texlive/2022/texmf-dist/tex/generic/pgf/basiclayer/pgfcorepathprocessing.code.tex
File: pgfcorepathprocessing.code.tex 2021/05/15 v3.1.9a (3.1.9a)
) (/usr/local/texlive/2022/texmf-dist/tex/generic/pgf/basiclayer/pgfcorearrows.code.tex
File: pgfcorearrows.code.tex 2021/05/15 v3.1.9a (3.1.9a)
\pgfarrowsep=\dimen176
) (/usr/local/texlive/2022/texmf-dist/tex/generic/pgf/basiclayer/pgfcoreshade.code.tex
File: pgfcoreshade.code.tex 2021/05/15 v3.1.9a (3.1.9a)
\pgf@max=\dimen177
\pgf@sys@shading@range@num=\count270
\pgf@shadingcount=\count271
) (/usr/local/texlive/2022/texmf-dist/tex/generic/pgf/basiclayer/pgfcoreimage.code.tex
File: pgfcoreimage.code.tex 2021/05/15 v3.1.9a (3.1.9a)
 (/usr/local/texlive/2022/texmf-dist/tex/generic/pgf/basiclayer/pgfcoreexternal.code.tex
File: pgfcoreexternal.code.tex 2021/05/15 v3.1.9a (3.1.9a)
\pgfexternal@startupbox=\box55
)) (/usr/local/texlive/2022/texmf-dist/tex/generic/pgf/basiclayer/pgfcorelayers.code.tex
File: pgfcorelayers.code.tex 2021/05/15 v3.1.9a (3.1.9a)
) (/usr/local/texlive/2022/texmf-dist/tex/generic/pgf/basiclayer/pgfcoretransparency.code.tex
File: pgfcoretransparency.code.tex 2021/05/15 v3.1.9a (3.1.9a)
) (/usr/local/texlive/2022/texmf-dist/tex/generic/pgf/basiclayer/pgfcorepatterns.code.tex
File: pgfcorepatterns.code.tex 2021/05/15 v3.1.9a (3.1.9a)
) (/usr/local/texlive/2022/texmf-dist/tex/generic/pgf/basiclayer/pgfcorerdf.code.tex
File: pgfcorerdf.code.tex 2021/05/15 v3.1.9a (3.1.9a)
))) (/usr/local/texlive/2022/texmf-dist/tex/generic/pgf/modules/pgfmoduleshapes.code.tex
File: pgfmoduleshapes.code.tex 2021/05/15 v3.1.9a (3.1.9a)
\pgfnodeparttextbox=\box56
) (/usr/local/texlive/2022/texmf-dist/tex/generic/pgf/modules/pgfmoduleplot.code.tex
File: pgfmoduleplot.code.tex 2021/05/15 v3.1.9a (3.1.9a)
) (/usr/local/texlive/2022/texmf-dist/tex/latex/pgf/compatibility/pgfcomp-version-0-65.sty
Package: pgfcomp-version-0-65 2021/05/15 v3.1.9a (3.1.9a)
\pgf@nodesepstart=\dimen178
\pgf@nodesepend=\dimen179
) (/usr/local/texlive/2022/texmf-dist/tex/latex/pgf/compatibility/pgfcomp-version-1-18.sty
Package: pgfcomp-version-1-18 2021/05/15 v3.1.9a (3.1.9a)
)) (/usr/local/texlive/2022/texmf-dist/tex/latex/pgf/utilities/pgffor.sty (/usr/local/texlive/2022/texmf-dist/tex/latex/pgf/utilities/pgfkeys.sty (/usr/local/texlive/2022/texmf-dist/tex/generic/pgf/utilities/pgfkeys.code.tex)) (/usr/local/texlive/2022/texmf-dist/tex/latex/pgf/math/pgfmath.sty (/usr/local/texlive/2022/texmf-dist/tex/generic/pgf/math/pgfmath.code.tex)) (/usr/local/texlive/2022/texmf-dist/tex/generic/pgf/utilities/pgffor.code.tex
Package: pgffor 2021/05/15 v3.1.9a (3.1.9a)
 (/usr/local/texlive/2022/texmf-dist/tex/generic/pgf/math/pgfmath.code.tex)
\pgffor@iter=\dimen180
\pgffor@skip=\dimen181
\pgffor@stack=\toks27
\pgffor@toks=\toks28
)) (/usr/local/texlive/2022/texmf-dist/tex/generic/pgf/frontendlayer/tikz/tikz.code.tex
Package: tikz 2021/05/15 v3.1.9a (3.1.9a)
 (/usr/local/texlive/2022/texmf-dist/tex/generic/pgf/libraries/pgflibraryplothandlers.code.tex
File: pgflibraryplothandlers.code.tex 2021/05/15 v3.1.9a (3.1.9a)
\pgf@plot@mark@count=\count272
\pgfplotmarksize=\dimen182
)
\tikz@lastx=\dimen183
\tikz@lasty=\dimen184
\tikz@lastxsaved=\dimen185
\tikz@lastysaved=\dimen186
\tikz@lastmovetox=\dimen187
\tikz@lastmovetoy=\dimen188
\tikzleveldistance=\dimen189
\tikzsiblingdistance=\dimen190
\tikz@figbox=\box57
\tikz@figbox@bg=\box58
\tikz@tempbox=\box59
\tikz@tempbox@bg=\box60
\tikztreelevel=\count273
\tikznumberofchildren=\count274
\tikznumberofcurrentchild=\count275
\tikz@fig@count=\count276
 (/usr/local/texlive/2022/texmf-dist/tex/generic/pgf/modules/pgfmodulematrix.code.tex
File: pgfmodulematrix.code.tex 2021/05/15 v3.1.9a (3.1.9a)
\pgfmatrixcurrentrow=\count277
\pgfmatrixcurrentcolumn=\count278
\pgf@matrix@numberofcolumns=\count279
)
\tikz@expandcount=\count280
 (/usr/local/texlive/2022/texmf-dist/tex/generic/pgf/frontendlayer/tikz/libraries/tikzlibrarytopaths.code.tex
File: tikzlibrarytopaths.code.tex 2021/05/15 v3.1.9a (3.1.9a)
))) (/usr/local/texlive/2022/texmf-dist/tex/generic/pgf/frontendlayer/tikz/libraries/tikzlibrarypositioning.code.tex
File: tikzlibrarypositioning.code.tex 2021/05/15 v3.1.9a (3.1.9a)
) (/usr/local/texlive/2022/texmf-dist/tex/generic/pgf/frontendlayer/tikz/libraries/tikzlibraryshapes.geometric.code.tex
File: tikzlibraryshapes.geometric.code.tex 2021/05/15 v3.1.9a (3.1.9a)
 (/usr/local/texlive/2022/texmf-dist/tex/generic/pgf/libraries/shapes/pgflibraryshapes.geometric.code.tex
File: pgflibraryshapes.geometric.code.tex 2021/05/15 v3.1.9a (3.1.9a)
)) (/usr/local/texlive/2022/texmf-dist/tex/latex/geometry/geometry.sty
Package: geometry 2020/01/02 v5.9 Page Geometry
 (/usr/local/texlive/2022/texmf-dist/tex/generic/iftex/ifvtex.sty
Package: ifvtex 2019/10/25 v1.7 ifvtex legacy package. Use iftex instead.
 (/usr/local/texlive/2022/texmf-dist/tex/generic/iftex/iftex.sty
Package: iftex 2022/02/03 v1.0f TeX engine tests
))
\Gm@cnth=\count281
\Gm@cntv=\count282
\c@Gm@tempcnt=\count283
\Gm@bindingoffset=\dimen191
\Gm@wd@mp=\dimen192
\Gm@odd@mp=\dimen193
\Gm@even@mp=\dimen194
\Gm@layoutwidth=\dimen195
\Gm@layoutheight=\dimen196
\Gm@layouthoffset=\dimen197
\Gm@layoutvoffset=\dimen198
\Gm@dimlist=\toks29
) (/usr/local/texlive/2022/texmf-dist/tex/latex/hyperref/hyperref.sty
Package: hyperref 2022-02-21 v7.00n Hypertext links for LaTeX
 (/usr/local/texlive/2022/texmf-dist/tex/generic/ltxcmds/ltxcmds.sty
Package: ltxcmds 2020-05-10 v1.25 LaTeX kernel commands for general use (HO)
) (/usr/local/texlive/2022/texmf-dist/tex/generic/pdftexcmds/pdftexcmds.sty
Package: pdftexcmds 2020-06-27 v0.33 Utility functions of pdfTeX for LuaTeX (HO)
 (/usr/local/texlive/2022/texmf-dist/tex/generic/infwarerr/infwarerr.sty
Package: infwarerr 2019/12/03 v1.5 Providing info/warning/error messages (HO)
)
Package pdftexcmds Info: \pdf@primitive is available.
Package pdftexcmds Info: \pdf@ifprimitive is available.
Package pdftexcmds Info: \pdfdraftmode found.
) (/usr/local/texlive/2022/texmf-dist/tex/generic/kvsetkeys/kvsetkeys.sty
Package: kvsetkeys 2019/12/15 v1.18 Key value parser (HO)
) (/usr/local/texlive/2022/texmf-dist/tex/generic/kvdefinekeys/kvdefinekeys.sty
Package: kvdefinekeys 2019-12-19 v1.6 Define keys (HO)
) (/usr/local/texlive/2022/texmf-dist/tex/generic/pdfescape/pdfescape.sty
Package: pdfescape 2019/12/09 v1.15 Implements pdfTeX's escape features (HO)
) (/usr/local/texlive/2022/texmf-dist/tex/latex/hycolor/hycolor.sty
Package: hycolor 2020-01-27 v1.10 Color options for hyperref/bookmark (HO)
) (/usr/local/texlive/2022/texmf-dist/tex/latex/letltxmacro/letltxmacro.sty
Package: letltxmacro 2019/12/03 v1.6 Let assignment for LaTeX macros (HO)
) (/usr/local/texlive/2022/texmf-dist/tex/latex/auxhook/auxhook.sty
Package: auxhook 2019-12-17 v1.6 Hooks for auxiliary files (HO)
) (/usr/local/texlive/2022/texmf-dist/tex/latex/kvoptions/kvoptions.sty
Package: kvoptions 2020-10-07 v3.14 Key value format for package options (HO)
)
\@linkdim=\dimen199
\Hy@linkcounter=\count284
\Hy@pagecounter=\count285
 (/usr/local/texlive/2022/texmf-dist/tex/latex/hyperref/pd1enc.def
File: pd1enc.def 2022-02-21 v7.00n Hyperref: PDFDocEncoding definition (HO)
Now handling font encoding PD1 ...
... no UTF-8 mapping file for font encoding PD1
) (/usr/local/texlive/2022/texmf-dist/tex/generic/intcalc/intcalc.sty
Package: intcalc 2019/12/15 v1.3 Expandable calculations with integers (HO)
) (/usr/local/texlive/2022/texmf-dist/tex/generic/etexcmds/etexcmds.sty
Package: etexcmds 2019/12/15 v1.7 Avoid name clashes with e-TeX commands (HO)
)
\Hy@SavedSpaceFactor=\count286
 (/usr/local/texlive/2022/texmf-dist/tex/latex/hyperref/puenc.def
File: puenc.def 2022-02-21 v7.00n Hyperref: PDF Unicode definition (HO)
Now handling font encoding PU ...
... no UTF-8 mapping file for font encoding PU
)
Package hyperref Info: Hyper figures OFF on input line 4137.
Package hyperref Info: Link nesting OFF on input line 4142.
Package hyperref Info: Hyper index ON on input line 4145.
Package hyperref Info: Plain pages OFF on input line 4152.
Package hyperref Info: Backreferencing OFF on input line 4157.
Package hyperref Info: Implicit mode ON; LaTeX internals redefined.
Package hyperref Info: Bookmarks ON on input line 4390.
\c@Hy@tempcnt=\count287
 (/usr/local/texlive/2022/texmf-dist/tex/latex/url/url.sty
\Urlmuskip=\muskip16
Package: url 2013/09/16  ver 3.4  Verb mode for urls, etc.
)
LaTeX Info: Redefining \url on input line 4749.
\XeTeXLinkMargin=\dimen256
 (/usr/local/texlive/2022/texmf-dist/tex/generic/bitset/bitset.sty
Package: bitset 2019/12/09 v1.3 Handle bit-vector datatype (HO)
 (/usr/local/texlive/2022/texmf-dist/tex/generic/bigintcalc/bigintcalc.sty
Package: bigintcalc 2019/12/15 v1.5 Expandable calculations on big integers (HO)
))
\Fld@menulength=\count288
\Field@Width=\dimen257
\Fld@charsize=\dimen258
Package hyperref Info: Hyper figures OFF on input line 6027.
Package hyperref Info: Link nesting OFF on input line 6032.
Package hyperref Info: Hyper index ON on input line 6035.
Package hyperref Info: backreferencing OFF on input line 6042.
Package hyperref Info: Link coloring OFF on input line 6047.
Package hyperref Info: Link coloring with OCG OFF on input line 6052.
Package hyperref Info: PDF/A mode OFF on input line 6057.
LaTeX Info: Redefining \ref on input line 6097.
LaTeX Info: Redefining \pageref on input line 6101.
 (/usr/local/texlive/2022/texmf-dist/tex/latex/base/atbegshi-ltx.sty
Package: atbegshi-ltx 2021/01/10 v1.0c Emulation of the original atbegshi
package with kernel methods
)
\Hy@abspage=\count289
\c@Item=\count290
\c@Hfootnote=\count291
)
Package hyperref Info: Driver (autodetected): hpdftex.
 (/usr/local/texlive/2022/texmf-dist/tex/latex/hyperref/hpdftex.def
File: hpdftex.def 2022-02-21 v7.00n Hyperref driver for pdfTeX
 (/usr/local/texlive/2022/texmf-dist/tex/latex/base/atveryend-ltx.sty
Package: atveryend-ltx 2020/08/19 v1.0a Emulation of the original atveryend package
with kernel methods
)
\Fld@listcount=\count292
\c@bookmark@seq@number=\count293
 (/usr/local/texlive/2022/texmf-dist/tex/latex/rerunfilecheck/rerunfilecheck.sty
Package: rerunfilecheck 2019/12/05 v1.9 Rerun checks for auxiliary files (HO)
 (/usr/local/texlive/2022/texmf-dist/tex/generic/uniquecounter/uniquecounter.sty
Package: uniquecounter 2019/12/15 v1.4 Provide unlimited unique counter (HO)
)
Package uniquecounter Info: New unique counter `rerunfilecheck' on input line 286.
)
\Hy@SectionHShift=\skip49
) (/usr/local/texlive/2022/texmf-dist/tex/latex/enumitem/enumitem.sty
Package: enumitem 2019/06/20 v3.9 Customized lists
\labelindent=\skip50
\enit@outerparindent=\dimen259
\enit@toks=\toks30
\enit@inbox=\box61
\enit@count@id=\count294
\enitdp@description=\count295
) (/usr/local/texlive/2022/texmf-dist/tex/latex/booktabs/booktabs.sty
Package: booktabs 2020/01/12 v1.61803398 Publication quality tables
\heavyrulewidth=\dimen260
\lightrulewidth=\dimen261
\cmidrulewidth=\dimen262
\belowrulesep=\dimen263
\belowbottomsep=\dimen264
\aboverulesep=\dimen265
\abovetopsep=\dimen266
\cmidrulesep=\dimen267
\cmidrulekern=\dimen268
\defaultaddspace=\dimen269
\@cmidla=\count296
\@cmidlb=\count297
\@aboverulesep=\dimen270
\@belowrulesep=\dimen271
\@thisruleclass=\count298
\@lastruleclass=\count299
\@thisrulewidth=\dimen272
) (/usr/local/texlive/2022/texmf-dist/tex/latex/l3backend/l3backend-pdftex.def
File: l3backend-pdftex.def 2022-02-07 L3 backend support: PDF output (pdfTeX)
\l__color_backend_stack_int=\count300
\l__pdf_internal_box=\box62
) (./test.aux)
\openout1 = `test.aux'.

LaTeX Font Info:    Checking defaults for OML/cmm/m/it on input line 17.
LaTeX Font Info:    ... okay on input line 17.
LaTeX Font Info:    Checking defaults for OMS/cmsy/m/n on input line 17.
LaTeX Font Info:    ... okay on input line 17.
LaTeX Font Info:    Checking defaults for OT1/cmr/m/n on input line 17.
LaTeX Font Info:    ... okay on input line 17.
LaTeX Font Info:    Checking defaults for T1/cmr/m/n on input line 17.
LaTeX Font Info:    ... okay on input line 17.
LaTeX Font Info:    Checking defaults for TS1/cmr/m/n on input line 17.
LaTeX Font Info:    ... okay on input line 17.
LaTeX Font Info:    Checking defaults for OMX/cmex/m/n on input line 17.
LaTeX Font Info:    ... okay on input line 17.
LaTeX Font Info:    Checking defaults for U/cmr/m/n on input line 17.
LaTeX Font Info:    ... okay on input line 17.
LaTeX Font Info:    Checking defaults for PD1/pdf/m/n on input line 17.
LaTeX Font Info:    ... okay on input line 17.
LaTeX Font Info:    Checking defaults for PU/pdf/m/n on input line 17.
LaTeX Font Info:    ... okay on input line 17.
 (/usr/local/texlive/2022/texmf-dist/tex/context/base/mkii/supp-pdf.mkii
[Loading MPS to PDF converter (version 2006.09.02).]
\scratchcounter=\count301
\scratchdimen=\dimen273
\scratchbox=\box63
\nofMPsegments=\count302
\nofMParguments=\count303
\everyMPshowfont=\toks31
\MPscratchCnt=\count304
\MPscratchDim=\dimen274
\MPnumerator=\count305
\makeMPintoPDFobject=\count306
\everyMPtoPDFconversion=\toks32
) (/usr/local/texlive/2022/texmf-dist/tex/latex/epstopdf-pkg/epstopdf-base.sty
Package: epstopdf-base 2020-01-24 v2.11 Base part for package epstopdf
Package epstopdf-base Info: Redefining graphics rule for `.eps' on input line 485.
 (/usr/local/texlive/2022/texmf-dist/tex/latex/latexconfig/epstopdf-sys.cfg
File: epstopdf-sys.cfg 2010/07/13 v1.3 Configuration of (r)epstopdf for TeX Live
))
*geometry* driver: auto-detecting
*geometry* detected driver: pdftex
*geometry* verbose mode - [ preamble ] result:
* driver: pdftex
* paper: a4paper
* layout: <same size as paper>
* layoutoffset:(h,v)=(0.0pt,0.0pt)
* modes: 
* h-part:(L,W,R)=(72.26999pt, 452.9679pt, 72.26999pt)
* v-part:(T,H,B)=(72.26999pt, 700.50687pt, 72.26999pt)
* \paperwidth=597.50787pt
* \paperheight=845.04684pt
* \textwidth=452.9679pt
* \textheight=700.50687pt
* \oddsidemargin=0.0pt
* \evensidemargin=0.0pt
* \topmargin=-37.0pt
* \headheight=12.0pt
* \headsep=25.0pt
* \topskip=12.0pt
* \footskip=30.0pt
* \marginparwidth=35.0pt
* \marginparsep=10.0pt
* \columnsep=10.0pt
* \skip\footins=10.8pt plus 4.0pt minus 2.0pt
* \hoffset=0.0pt
* \voffset=0.0pt
* \mag=1000
* \@twocolumnfalse
* \@twosidefalse
* \@mparswitchfalse
* \@reversemarginfalse
* (1in=72.27pt=25.4mm, 1cm=28.453pt)

Package hyperref Info: Link coloring OFF on input line 17.
(/usr/local/texlive/2022/texmf-dist/tex/latex/hyperref/nameref.sty
Package: nameref 2021-04-02 v2.47 Cross-referencing by name of section
 (/usr/local/texlive/2022/texmf-dist/tex/latex/refcount/refcount.sty
Package: refcount 2019/12/15 v3.6 Data extraction from label references (HO)
) (/usr/local/texlive/2022/texmf-dist/tex/generic/gettitlestring/gettitlestring.sty
Package: gettitlestring 2019/12/15 v1.6 Cleanup title references (HO)
)
\c@section@level=\count307
)
LaTeX Info: Redefining \ref on input line 17.
LaTeX Info: Redefining \pageref on input line 17.
LaTeX Info: Redefining \nameref on input line 17.
 (./test.out) (./test.out)
\@outlinefile=\write4
\openout4 = `test.out'.

Package hyperref Info: Option `pageanchor' set `false' on input line 19.
LaTeX Font Info:    External font `cmex10' loaded for size
(Font)              <14.4> on input line 21.
LaTeX Font Info:    External font `cmex10' loaded for size
(Font)              <7> on input line 21.
 [1

{/usr/local/texlive/2022/texmf-var/fonts/map/pdftex/updmap/pdftex.map}]
Package hyperref Info: Option `pageanchor' set `true' on input line 21.
 (./test.toc
LaTeX Font Info:    External font `cmex10' loaded for size
(Font)              <12> on input line 2.
LaTeX Font Info:    External font `cmex10' loaded for size
(Font)              <8> on input line 2.
LaTeX Font Info:    External font `cmex10' loaded for size
(Font)              <6> on input line 2.

Overfull \hbox (26.0457pt too wide) in paragraph at lines 15--15
 [][] [][]\T1/cmr/m/n/12 Section X: Cy-ber-se-cu-rity & Cyber-Resilience Strat-egy for Sovereign Cloud/Edge 
 []

)
\tf@toc=\write5
\openout5 = `test.toc'.

 [1

]
Overfull \hbox (18.58156pt too wide) in paragraph at lines 87--87
 []\T1/cmr/bx/n/12 (Middleware/OS)[] 
 []


Overfull \hbox (9.9212pt too wide) in paragraph at lines 87--87
 []\T1/cmr/bx/n/12 (Apps/Services)[] 
 []


Overfull \hbox (8.41049pt too wide) in paragraph at lines 87--87
 []\T1/cmr/bx/n/12 (Authentication 
 []


Overfull \hbox (13.55922pt too wide) in paragraph at lines 87--87
 []\T1/cmr/bx/n/12 /Access/Identity 
 []


Overfull \hbox (7.4579pt too wide) in paragraph at lines 87--87
 []\T1/cmr/bx/n/12 /Orchestration)[] 
 []

[2] [3] [4]
Chapter 1.
[5

]
Overfull \hbox (4.86787pt too wide) in paragraph at lines 210--211
[]\T1/cmr/bx/n/12 Capability Pro-files (Qual-i-ta-tive): \T1/cmr/m/n/12 A deep-dive 7-dimensional anal-y-sis defin-
 []


Overfull \hbox (32.03001pt too wide) in paragraph at lines 215--215
[]\T1/cmr/bx/n/17.28 The Core Ca-pa-bil-ity Di-men-sions (Ar-chi-tec-tural Frame-
 []

[6]
Overfull \hbox (1.66759pt too wide) in paragraph at lines 232--233
\T1/cmr/m/n/12 less func-tions ex-e-cut-ing dy-nam-i-cally across multi-provider nodes. This is achieved through
 []

[7] [8]
Overfull \hbox (4.32176pt too wide) in paragraph at lines 277--278
\T1/cmr/m/n/12 pro-vides con-tin-u-ous au-to-mated pen-e-tra-tion test-ing, fuzzing (coverage-guided and protocol-
 []


Overfull \hbox (3.65092pt too wide) in paragraph at lines 282--283
[]\T1/cmr/bx/n/12 CL2.2 High-Precision Teleme-try and Se-cu-rity Sig-nalling: \T1/cmr/m/n/12 Im-ple-ment-ing ``smart
 []

[9] [10] [11]
Overfull \hbox (30.26234pt too wide) in paragraph at lines 360--360
[]\T1/cmr/bx/n/17.28 The Anatomy of a Roadmap Pri-or-ity: A 7-Dimensional
 []

[12] [13]
Overfull \hbox (5.43811pt too wide) in paragraph at lines 394--395
\T1/cmr/m/n/12 cuses on de-ploy-ing emerg-ing tech-nolo-gies, es-tab-lish-ing har-mo-nized gov-er-nance frame-
 []

[14]
Chapter 2.

Overfull \hbox (8.10129pt too wide) in paragraph at lines 427--428
[]\T1/cmr/m/n/12 Utilize the 7-Dimensional Anal-y-sis tem-plate to struc-
 []


Overfull \hbox (20.16096pt too wide) in paragraph at lines 429--430
[]\T1/cmr/m/n/12 Reference the ar-chi-tec-tural frame-
 []

[15

] [16]
Overfull \hbox (0.90308pt too wide) in paragraph at lines 488--489
[]\T1/cmr/bx/n/12 Funding Align-ment: \T1/cmr/m/n/12 Hori-zon Eu-rope clus-ters, Dig-i-tal Eu-rope Pro-gramme, ECCC
 []

[17] [18] [19]
Overfull \hbox (1.45586pt too wide) in paragraph at lines 571--572
[]\T1/cmr/m/n/12 Operationalize au-to-mated SOC fed-er-a-tion with cross-border threat in-tel-li-gence shar-
 []

[20]
Overfull \hbox (28.86479pt too wide) in paragraph at lines 622--624
\T1/cmr/bx/n/12 Strate-gic Agenda \T1/cmr/m/n/12 fund-ing for open-hardware se-cu-rity; align-ment with CEN/CENELEC
 []


Underfull \hbox (badness 4779) in paragraph at lines 649--649
\T1/cmr/bx/n/12 & Com-pli-ance (0-5
 []


Underfull \hbox (badness 10000) in paragraph at lines 649--649
[]\T1/cmr/m/n/12 High For-eign De-pen-
 []


Underfull \hbox (badness 10000) in paragraph at lines 649--649
[]\T1/cmr/bx/n/12 Operational
 []


Underfull \hbox (badness 1242) in paragraph at lines 649--649
\T1/cmr/m/n/12 mon; Edge nodes lack
 []


Underfull \hbox (badness 10000) in paragraph at lines 649--649
[]\T1/cmr/m/n/12 Standardized EU-made
 []


Underfull \hbox (badness 4752) in paragraph at lines 649--649
\T1/cmr/m/n/12 i-cal in-fra; Au-to-mated
 []


Underfull \hbox (badness 4647) in paragraph at lines 649--649
\T1/cmr/m/n/12 all EU ICT prod-ucts
 []


Underfull \hbox (badness 10000) in paragraph at lines 649--649
[]\T1/cmr/bx/n/12 Critical En-
 []


Underfull \hbox (badness 4168) in paragraph at lines 649--649
\T1/cmr/bx/n/12 Act \T1/cmr/m/n/12 sovereign fab-ri-ca-
 []


Overfull \hbox (22.35495pt too wide) in paragraph at lines 652--652
[][]\T1/cmr/bx/n/14.4 Priority 2: Post-Quantum Cryp-to-graphic (PQC) Agility for Edge/IoT 
 []

[21]
Overfull \hbox (4.62292pt too wide) in paragraph at lines 673--675
[]\T1/cmr/bx/n/12 Failsafe Mech-a-nisms & Re-silience: \T1/cmr/m/n/12 De-ploy-ment of hy-brid cryp-to-graphic schemes
 []


Underfull \hbox (badness 4779) in paragraph at lines 694--694
\T1/cmr/bx/n/12 & Com-pli-ance (0-5
 []


Underfull \hbox (badness 10000) in paragraph at lines 694--694
[]\T1/cmr/m/n/12 High For-eign De-pen-
 []


Underfull \hbox (badness 10000) in paragraph at lines 694--694
[]\T1/cmr/bx/n/12 Operational
 []


Underfull \hbox (badness 5711) in paragraph at lines 694--694
[]\T1/cmr/m/n/12 NIST al-go-rithm se-lec-
 []


Underfull \hbox (badness 10000) in paragraph at lines 694--694
\T1/cmr/m/n/12 tion; software-based
 []


Underfull \hbox (badness 8038) in paragraph at lines 694--694
\T1/cmr/m/n/12 PQC pi-lots in cloud
 []


Underfull \hbox (badness 5374) in paragraph at lines 694--694
\T1/cmr/m/n/12 en-vi-ron-ments; re-search
 []


Underfull \hbox (badness 10000) in paragraph at lines 694--694
\T1/cmr/m/n/12 on lightweight im-ple-
 []


Underfull \hbox (badness 10000) in paragraph at lines 694--694
[]\T1/cmr/m/n/12 Hybrid (clas-si-cal +
 []


Underfull \hbox (badness 4391) in paragraph at lines 694--694
\T1/cmr/m/n/12 PQC) schemes in In-
 []


Underfull \hbox (badness 1371) in paragraph at lines 694--694
\T1/cmr/m/n/12 developed crypto-agility
 []


Underfull \hbox (badness 7832) in paragraph at lines 694--694
[]\T1/cmr/m/n/12 Fully quantum-resilient
 []


Underfull \hbox (badness 10000) in paragraph at lines 694--694
\T1/cmr/m/n/12 con-tin-uum with PQC
 []


Underfull \hbox (badness 10000) in paragraph at lines 694--694
[]\T1/cmr/bx/n/12 Critical En-
 []


Underfull \hbox (badness 2556) in paragraph at lines 694--694
\T1/cmr/bx/n/12 lines \T1/cmr/m/n/12 and NIST stan-
 []


Underfull \hbox (badness 1248) in paragraph at lines 694--694
[]\T1/cmr/bx/n/12 NIST/ETSI \T1/cmr/m/n/12 al-go-rithm
 []


Underfull \hbox (badness 10000) in paragraph at lines 694--694
[]\T1/cmr/m/n/12 PQC-native \T1/cmr/bx/n/12 RISC-V
 []


Underfull \hbox (badness 1953) in paragraph at lines 694--694
\T1/cmr/bx/n/12 sil-i-con \T1/cmr/m/n/12 and ubiq-ui-tous
 []


Underfull \hbox (badness 10000) in paragraph at lines 694--694
\T1/cmr/m/n/12 crypto-agility frame-
 []

[22]
Overfull \hbox (3.06688pt too wide) in paragraph at lines 715--717
\T1/cmr/m/n/12 gets and min-i-mum cryp-to-graphic pro-cess-ing re-quire-ments; frag-mented de-vice ecosys-
 []


Overfull \hbox (9.97635pt too wide) in paragraph at lines 715--717
\T1/cmr/m/n/12 tems pre-vent-ing uni-form Phy-Sec adop-tion; lack of EU-manufactured ultra-constrained
 []

[23]
Underfull \hbox (badness 4779) in paragraph at lines 739--739
\T1/cmr/bx/n/12 & Com-pli-ance (0-5
 []


Underfull \hbox (badness 1466) in paragraph at lines 739--739
[]\T1/cmr/m/n/12 Ubiquitous Zero-Energy
 []


Underfull \hbox (badness 10000) in paragraph at lines 739--739
[]\T1/cmr/m/n/12 High De-pen-dency on
 []


Underfull \hbox (badness 10000) in paragraph at lines 739--739
\T1/cmr/m/n/12 Legacy/Heavy Al-go-
 []


Underfull \hbox (badness 10000) in paragraph at lines 739--739
[]\T1/cmr/m/n/12 Emerging EU
 []


Underfull \hbox (badness 10000) in paragraph at lines 739--739
\T1/cmr/m/n/12 Lightweight & Phy-
 []


Underfull \hbox (badness 10000) in paragraph at lines 739--739
[]\T1/cmr/bx/n/12 Operational
 []


Underfull \hbox (badness 10000) in paragraph at lines 739--739
[]\T1/cmr/m/n/12 Group-based au-then-
 []


Underfull \hbox (badness 10000) in paragraph at lines 739--739
\T1/cmr/m/n/12 ti-ca-tion and early
 []


Underfull \hbox (badness 10000) in paragraph at lines 739--739
\T1/cmr/m/n/12 lightweight PQC al-
 []


Underfull \hbox (badness 10000) in paragraph at lines 739--739
\T1/cmr/m/n/12 go-rithms tested on
 []


Underfull \hbox (badness 10000) in paragraph at lines 739--739
\T1/cmr/m/n/12 resource-constrained
 []


Underfull \hbox (badness 10000) in paragraph at lines 739--739
\T1/cmr/m/n/12 IoT; ba-sic RF fin-
 []


Underfull \hbox (badness 10000) in paragraph at lines 739--739
\T1/cmr/m/n/12 ger-print-ing used for
 []


Underfull \hbox (badness 6157) in paragraph at lines 739--739
[]\T1/cmr/m/n/12 Lightweight PQC and
 []


Underfull \hbox (badness 10000) in paragraph at lines 739--739
\T1/cmr/m/n/12 Phy-Sec na-tively em-
 []


Underfull \hbox (badness 10000) in paragraph at lines 739--739
\T1/cmr/m/n/12 bed-ded in Eu-ro-pean
 []


Underfull \hbox (badness 10000) in paragraph at lines 739--739
\T1/cmr/m/n/12 open-hardware (RISC-
 []


Underfull \hbox (badness 10000) in paragraph at lines 739--739
[]\T1/cmr/m/n/12 Battery-less (zero-
 []


Underfull \hbox (badness 10000) in paragraph at lines 739--739
\T1/cmr/m/n/12 energy) nodes au-
 []


Underfull \hbox (badness 10000) in paragraph at lines 739--739
\T1/cmr/m/n/12 tonomously ex-e-cute
 []


Underfull \hbox (badness 10000) in paragraph at lines 739--739
\T1/cmr/m/n/12 quantum-resistant au-
 []


Underfull \hbox (badness 10000) in paragraph at lines 739--739
\T1/cmr/m/n/12 de-cen-tral-ized swarm
 []


Underfull \hbox (badness 10000) in paragraph at lines 739--739
[]\T1/cmr/bx/n/12 Critical En-
 []


Underfull \hbox (badness 4981) in paragraph at lines 739--739
\T1/cmr/m/n/12 Stan-dards & Context-
 []


Underfull \hbox (badness 7558) in paragraph at lines 739--739
[]\T1/cmr/m/n/12 Hardware-Software Co-
 []


Underfull \hbox (badness 7522) in paragraph at lines 739--739
\T1/cmr/m/n/12 Design for Neu-ro-mor-
 []

[24]
Underfull \hbox (badness 4779) in paragraph at lines 784--784
\T1/cmr/bx/n/12 & Com-pli-ance (0-5
 []


Underfull \hbox (badness 10000) in paragraph at lines 784--784
[]\T1/cmr/bx/n/12 Operational
 []


Underfull \hbox (badness 10000) in paragraph at lines 784--784
[]\T1/cmr/m/n/12 Initial Simpl se-cu-
 []


Underfull \hbox (badness 10000) in paragraph at lines 784--784
\T1/cmr/m/n/12 rity pi-lots in se-lect
 []


Underfull \hbox (badness 6944) in paragraph at lines 784--784
\T1/cmr/m/n/12 Data Spaces; man-ual
 []


Underfull \hbox (badness 10000) in paragraph at lines 784--784
\T1/cmr/m/n/12 pol-icy co-or-di-na-tion;
 []


Underfull \hbox (badness 10000) in paragraph at lines 784--784
\T1/cmr/m/n/12 proof-of-concept MIM
 []


Underfull \hbox (badness 1748) in paragraph at lines 784--784
\T1/cmr/m/n/12 la-tion via stan-dard-ized
 []


Underfull \hbox (badness 5756) in paragraph at lines 784--784
\T1/cmr/m/n/12 border fed-er-ated SOC
 []


Underfull \hbox (badness 10000) in paragraph at lines 784--784
[]\T1/cmr/m/n/12 Fully au-to-mated,
 []


Underfull \hbox (badness 10000) in paragraph at lines 784--784
\T1/cmr/m/n/12 provider-agnostic Eu-
 []


Underfull \hbox (badness 10000) in paragraph at lines 784--784
\T1/cmr/m/n/12 ro-pean trust fab-ric;
 []


Underfull \hbox (badness 10000) in paragraph at lines 784--784
\T1/cmr/m/n/12 real-time se-cu-rity or-
 []


Underfull \hbox (badness 7558) in paragraph at lines 784--784
\T1/cmr/m/n/12 ches-tra-tion across the
 []


Underfull \hbox (badness 10000) in paragraph at lines 784--784
\T1/cmr/m/n/12 con-tin-uum; zero-trust
 []


Underfull \hbox (badness 10000) in paragraph at lines 784--784
[]\T1/cmr/bx/n/12 Critical En-
 []


Underfull \hbox (badness 10000) in paragraph at lines 784--784
[]\T1/cmr/bx/n/12 Simpl-Open \T1/cmr/m/n/12 of-fi-cial
 []


Underfull \hbox (badness 4181) in paragraph at lines 784--784
[]\T1/cmr/m/n/12 Security \T1/cmr/bx/n/12 MIMs \T1/cmr/m/n/12 adop-
 []

[25]
Underfull \hbox (badness 4779) in paragraph at lines 829--829
\T1/cmr/bx/n/12 & Com-pli-ance (0-5
 []


Underfull \hbox (badness 10000) in paragraph at lines 829--829
[]\T1/cmr/m/n/12 Emerging EU Sup-ply
 []


Underfull \hbox (badness 1122) in paragraph at lines 829--829
\T1/cmr/m/n/12 Chain Track-ing Frame-
 []


Underfull \hbox (badness 3668) in paragraph at lines 829--829
[]\T1/cmr/m/n/12 Full Sovereign Con-trol
 []


Underfull \hbox (badness 10000) in paragraph at lines 829--829
[]\T1/cmr/bx/n/12 Operational
 []


Underfull \hbox (badness 10000) in paragraph at lines 829--829
[]\T1/cmr/m/n/12 Review of hard-ware,
 []


Underfull \hbox (badness 10000) in paragraph at lines 829--829
\T1/cmr/m/n/12 chain vul-ner-a-bil-i-ties;
 []


Underfull \hbox (badness 2351) in paragraph at lines 829--829
\T1/cmr/m/n/12 ini-tial Run-time SBOM
 []


Underfull \hbox (badness 10000) in paragraph at lines 829--829
[]\T1/cmr/m/n/12 Ensuring cer-ti-fi-ca-tion
 []


Underfull \hbox (badness 10000) in paragraph at lines 829--829
\T1/cmr/m/n/12 hard-ware, OS, and
 []


Underfull \hbox (badness 4096) in paragraph at lines 829--829
\T1/cmr/m/n/12 soft-ware; DPP frame-
 []


Underfull \hbox (badness 10000) in paragraph at lines 829--829
\T1/cmr/m/n/12 com-pli-ance path-ways
 []


Underfull \hbox (badness 10000) in paragraph at lines 829--829
[]\T1/cmr/m/n/12 Fully cer-ti-fied sup-ply
 []


Underfull \hbox (badness 2150) in paragraph at lines 829--829
\T1/cmr/m/n/12 chain ac-tively block-ing
 []


Underfull \hbox (badness 10000) in paragraph at lines 829--829
\T1/cmr/m/n/12 un-ver-i-fied com-po-
 []


Underfull \hbox (badness 10000) in paragraph at lines 829--829
\T1/cmr/m/n/12 nents; ZKPs en-able
 []


Underfull \hbox (badness 10000) in paragraph at lines 829--829
[]\T1/cmr/bx/n/12 Critical En-
 []


Underfull \hbox (badness 4254) in paragraph at lines 829--829
\T1/cmr/m/n/12 SME en-gage-ment pro-
 []


Underfull \hbox (badness 10000) in paragraph at lines 829--829
[]\T1/cmr/m/n/12 Dynamic Run-time
 []


Underfull \hbox (badness 10000) in paragraph at lines 829--829
\T1/cmr/m/n/12 SBOMs and \T1/cmr/bx/n/12 Dig-i-tal
 []


Underfull \hbox (badness 10000) in paragraph at lines 829--829
[]\T1/cmr/m/n/12 Zero-Knowledge Proofs
 []

[26] [27]
Underfull \hbox (badness 4779) in paragraph at lines 874--874
\T1/cmr/bx/n/12 & Com-pli-ance (0-5
 []


Underfull \hbox (badness 1303) in paragraph at lines 874--874
[]\T1/cmr/m/n/12 Ubiquitous AI Im-mune
 []


Underfull \hbox (badness 4467) in paragraph at lines 874--874
[]\T1/cmr/m/n/12 High Re-liance on US
 []


Underfull \hbox (badness 10000) in paragraph at lines 874--874
[]\T1/cmr/m/n/12 Sovereign Eu-ro-pean
 []


Underfull \hbox (badness 10000) in paragraph at lines 874--874
\T1/cmr/m/n/12 Edge LLMs, SLMs,
 []


Underfull \hbox (badness 10000) in paragraph at lines 874--874
[]\T1/cmr/m/n/12 Global Lead-er-ship in
 []


Underfull \hbox (badness 10000) in paragraph at lines 874--874
[]\T1/cmr/bx/n/12 Operational
 []


Underfull \hbox (badness 10000) in paragraph at lines 874--874
[]\T1/cmr/m/n/12 LLMs as-sist hu-man
 []


Underfull \hbox (badness 2990) in paragraph at lines 874--874
[]\T1/cmr/m/n/12 Edge-native ``Guardian''
 []


Underfull \hbox (badness 5403) in paragraph at lines 874--874
\T1/cmr/m/n/12 Con-tin-uum via de-cen-
 []


Underfull \hbox (badness 10000) in paragraph at lines 874--874
[]\T1/cmr/bx/n/12 Critical En-
 []


Underfull \hbox (badness 2359) in paragraph at lines 874--874
[]\T1/cmr/m/n/12 Standardized AI In-ter-
 []

[28]
Underfull \hbox (badness 4779) in paragraph at lines 919--919
\T1/cmr/bx/n/12 & Com-pli-ance (0-5
 []


Underfull \hbox (badness 10000) in paragraph at lines 919--919
[]\T1/cmr/m/n/12 Hyperscaler Plat-form
 []


Underfull \hbox (badness 10000) in paragraph at lines 919--919
[]\T1/cmr/m/n/12 Pan-European Con-sor-
 []


Underfull \hbox (badness 3525) in paragraph at lines 919--919
[]\T1/cmr/m/n/12 European Scale Par-ity
 []


Underfull \hbox (badness 10000) in paragraph at lines 919--919
[]\T1/cmr/bx/n/12 Operational
 []


Underfull \hbox (badness 7186) in paragraph at lines 919--919
[]\T1/cmr/m/n/12 Harmonized CA-MARA
 []


Underfull \hbox (badness 4096) in paragraph at lines 919--919
\T1/cmr/m/n/12 APIs de-ployed; Au-to-
 []


Underfull \hbox (badness 1715) in paragraph at lines 919--919
\T1/cmr/m/n/12 namic cross-border mi-
 []


Underfull \hbox (badness 4967) in paragraph at lines 919--919
\T1/cmr/m/n/12 gra-tion of AI mod-els
 []


Underfull \hbox (badness 10000) in paragraph at lines 919--919
[]\T1/cmr/bx/n/12 Critical En-
 []


Underfull \hbox (badness 10000) in paragraph at lines 919--919
[]\T1/cmr/m/n/12 Inter-Operator East-
 []


Overfull \hbox (26.99307pt too wide) in paragraph at lines 922--922
[][]\T1/cmr/bx/n/14.4 Priority 8: Con-fi-den-tial Com-put-ing & Privacy-Preserving AI Pipelines 
 []

[29]
Overfull \hbox (12.36255pt too wide) in paragraph at lines 952--954
\T1/cmr/bx/n/12 Progression Ma-trix: Con-fi-den-tial Com-put-ing & Privacy-Preserving AI Pipelines
 []


Underfull \hbox (badness 4779) in paragraph at lines 964--964
\T1/cmr/bx/n/12 & Com-pli-ance (0-5
 []


Underfull \hbox (badness 2351) in paragraph at lines 964--964
[]\T1/cmr/m/n/12 Ubiquitous Con-fi-den-tial
 []


Underfull \hbox (badness 10000) in paragraph at lines 964--964
[]\T1/cmr/m/n/12 Total Data-in-Use
 []


Underfull \hbox (badness 10000) in paragraph at lines 964--964
[]\T1/cmr/bx/n/12 Operational
 []


Underfull \hbox (badness 10000) in paragraph at lines 964--964
\T1/cmr/m/n/12 i-cal cloud nodes for
 []


Underfull \hbox (badness 1259) in paragraph at lines 964--964
\T1/cmr/m/n/12 EUCS com-pli-ance; ini-
 []


Underfull \hbox (badness 1292) in paragraph at lines 964--964
\T1/cmr/m/n/12 tial sovereign hard-ware
 []


Underfull \hbox (badness 10000) in paragraph at lines 964--964
[]\T1/cmr/m/n/12 Multi-party privacy-
 []


Underfull \hbox (badness 1565) in paragraph at lines 964--964
\T1/cmr/m/n/12 preserving AI pipelines
 []


Underfull \hbox (badness 10000) in paragraph at lines 964--964
\T1/cmr/m/n/12 train across multi-
 []


Underfull \hbox (badness 10000) in paragraph at lines 964--964
\T1/cmr/m/n/12 provider nodes seam-
 []


Underfull \hbox (badness 10000) in paragraph at lines 964--964
[]\T1/cmr/m/n/12 Homomorphic en-cryp-
 []


Underfull \hbox (badness 10000) in paragraph at lines 964--964
\T1/cmr/m/n/12 tion op-er-a-tional-ized;
 []


Underfull \hbox (badness 10000) in paragraph at lines 964--964
\T1/cmr/m/n/12 end-to-end en-crypted
 []


Underfull \hbox (badness 10000) in paragraph at lines 964--964
[]\T1/cmr/bx/n/12 Critical En-
 []


Underfull \hbox (badness 10000) in paragraph at lines 964--964
[]\T1/cmr/bx/n/12 EUCS \T1/cmr/m/n/12 Cer-ti-fi-ca-tion
 []

[30]
Overfull \hbox (10.4631pt too wide) in paragraph at lines 975--978
\T1/cmr/m/n/12 weather, geopo-lit-i-cal tensions---causing cas-cad-ing fail-ures across in-ter-con-nected cloud-
 []


Overfull \hbox (25.58508pt too wide) in paragraph at lines 982--984
[]\T1/cmr/bx/n/12 Catalysts & En-ablers: NIS2 & DORA \T1/cmr/m/n/12 En-force-ment as mar-ket driver; \T1/cmr/bx/n/12 3GPP/ETSI
 []


Underfull \hbox (badness 4779) in paragraph at lines 1009--1009
\T1/cmr/bx/n/12 & Com-pli-ance (0-5
 []


Underfull \hbox (badness 10000) in paragraph at lines 1009--1009
[]\T1/cmr/m/n/12 Standardized Is-land
 []


Underfull \hbox (badness 10000) in paragraph at lines 1009--1009
[]\T1/cmr/m/n/12 Fully Au-tonomous
 []


Underfull \hbox (badness 10000) in paragraph at lines 1009--1009
\T1/cmr/m/n/12 Cyber-Physical Re-
 []


Underfull \hbox (badness 10000) in paragraph at lines 1009--1009
[]\T1/cmr/bx/n/12 Operational
 []


Underfull \hbox (badness 3019) in paragraph at lines 1009--1009
[]\T1/cmr/m/n/12 AI-driven anomaly de-
 []


Underfull \hbox (badness 6461) in paragraph at lines 1009--1009
\T1/cmr/m/n/12 tec-tion trig-gers grace-
 []


Underfull \hbox (badness 3364) in paragraph at lines 1009--1009
\T1/cmr/m/n/12 spec-trum shar-ing used
 []


Underfull \hbox (badness 10000) in paragraph at lines 1009--1009
[]\T1/cmr/m/n/12 Bio-inspired elas-tic-
 []


Underfull \hbox (badness 1803) in paragraph at lines 1009--1009
\T1/cmr/m/n/12 ity; swarms seam-lessly
 []


Underfull \hbox (badness 3271) in paragraph at lines 1009--1009
\T1/cmr/m/n/12 co-or-di-nate E2E cyber-
 []


Underfull \hbox (badness 1584) in paragraph at lines 1009--1009
\T1/cmr/m/n/12 physical re-cov-ery with-
 []


Underfull \hbox (badness 3229) in paragraph at lines 1009--1009
\T1/cmr/m/n/12 out any cen-tral cloud
 []


Underfull \hbox (badness 10000) in paragraph at lines 1009--1009
[]\T1/cmr/bx/n/12 Critical En-
 []


Underfull \hbox (badness 1412) in paragraph at lines 1009--1009
[]\T1/cmr/bx/n/12 NIS2 & DORA \T1/cmr/m/n/12 En-
 []


Underfull \hbox (badness 10000) in paragraph at lines 1009--1009
[]\T1/cmr/m/n/12 3GPP/ETSI Stan-dard-
 []


Underfull \hbox (badness 5403) in paragraph at lines 1009--1009
[]\T1/cmr/m/n/12 ``Cognitive Twin'' E2E
 []

[31]
Overfull \hbox (13.4736pt too wide) in paragraph at lines 1012--1012
[][]\T1/cmr/bx/n/14.4 Priority 10: Proac-tive Cy-ber Threat Man-age-ment & De-fense against
 []

[32]
Underfull \hbox (badness 4779) in paragraph at lines 1054--1054
\T1/cmr/bx/n/12 & Com-pli-ance (0-5
 []


Underfull \hbox (badness 10000) in paragraph at lines 1054--1054
[]\T1/cmr/m/n/12 Automated Triage &
 []


Underfull \hbox (badness 10000) in paragraph at lines 1054--1054
\T1/cmr/m/n/12 LLM-Sec-Ops Con-tain-
 []


Underfull \hbox (badness 10000) in paragraph at lines 1054--1054
[]\T1/cmr/m/n/12 High De-pen-dency on
 []


Underfull \hbox (badness 10000) in paragraph at lines 1054--1054
[]\T1/cmr/m/n/12 Full Au-tonomous
 []


Underfull \hbox (badness 10000) in paragraph at lines 1054--1054
\T1/cmr/m/n/12 Counter-Adversarial
 []


Underfull \hbox (badness 10000) in paragraph at lines 1054--1054
[]\T1/cmr/bx/n/12 Operational
 []


Underfull \hbox (badness 4467) in paragraph at lines 1054--1054
\T1/cmr/m/n/12 to re-duce APT dwell
 []


Underfull \hbox (badness 5460) in paragraph at lines 1054--1054
\T1/cmr/m/n/12 machine-assisted threat
 []


Underfull \hbox (badness 10000) in paragraph at lines 1054--1054
[]\T1/cmr/m/n/12 LLMSecOps agents
 []


Underfull \hbox (badness 10000) in paragraph at lines 1054--1054
\T1/cmr/m/n/12 au-tonomously in-gest
 []


Underfull \hbox (badness 6078) in paragraph at lines 1054--1054
\T1/cmr/m/n/12 CTI, track anoma-lous
 []


Underfull \hbox (badness 2671) in paragraph at lines 1054--1054
\T1/cmr/m/n/12 lat-eral move-ment, and
 []


Underfull \hbox (badness 5331) in paragraph at lines 1054--1054
\T1/cmr/m/n/12 or-ches-trate rapid in-ci-
 []


Underfull \hbox (badness 1377) in paragraph at lines 1054--1054
\T1/cmr/m/n/12 u-ously shuf-fles net-work
 []


Underfull \hbox (badness 3690) in paragraph at lines 1054--1054
\T1/cmr/m/n/12 and soft-ware di-ver-sity,
 []


Underfull \hbox (badness 10000) in paragraph at lines 1054--1054
[]\T1/cmr/bx/n/12 Critical En-
 []


Underfull \hbox (badness 10000) in paragraph at lines 1054--1054
[]\T1/cmr/m/n/12 Federated SIEMs &
 []


Underfull \hbox (badness 5008) in paragraph at lines 1054--1054
[]\T1/cmr/m/n/12 LLMSecOps & UEBA
 []


Underfull \hbox (badness 4036) in paragraph at lines 1054--1054
\T1/cmr/m/n/12 Swarms & Zero-Touch
 []

[33]
Overfull \hbox (0.24483pt too wide) in paragraph at lines 1057--1057
[]\T1/cmr/bx/n/17.28 Executive Sum-mary & Strate-gic Rec-om-men-da-tions 
 []

[34]
Overfull \hbox (1.3445pt too wide) in paragraph at lines 1083--1084
[]\T1/cmr/bx/n/12 Harmonize Con-tin-u-ous Cer-ti-fi-ca-tion Life-cy-cles: \T1/cmr/m/n/12 Tran-si-tion from static, point-
 []

[35]
Chapter 3.

Overfull \hbox (2.0341pt too wide) in paragraph at lines 1104--1104
[]\T1/cmr/bx/n/17.28 Section X: Cy-ber-se-cu-rity & Cyber-Resilience Strat-
 []

[36

]
Overfull \hbox (11.27397pt too wide) in paragraph at lines 1139--1140
[]\T1/cmr/m/n/12 Exploiting
 []


Overfull \hbox (5.35878pt too wide) in paragraph at lines 1141--1142
[]\T1/cmr/m/n/12 Cryptographically ver-i-fied,
 []


Overfull \hbox (8.45267pt too wide) in paragraph at lines 1142--1143
[]\T1/cmr/m/n/12 Securing con-tainer-ized apps via hard-ened ser-vice meshes
 []


Overfull \hbox (13.41234pt too wide) in paragraph at lines 1143--1144
[]\T1/cmr/m/n/12 Embedding
 []


Overfull \hbox (3.66492pt too wide) in paragraph at lines 1146--1147
[]\T1/cmr/m/n/12 Utilizing Self-Sovereign Iden-tity (SSI) for cryp-
 []


Overfull \hbox (21.18825pt too wide) in paragraph at lines 1147--1148
[]
 []


Overfull \hbox (1.52104pt too wide) in paragraph at lines 1148--1149
[]\T1/cmr/m/n/12 Data-in-use se-cu-rity through TEEs span-ning the
 []


Overfull \hbox (7.66388pt too wide) in paragraph at lines 1149--1150
[]\T1/cmr/m/n/12 Migration to quantum-resistant al-
 []


Overfull \hbox (4.1204pt too wide) in paragraph at lines 1149--1150
\T1/cmr/m/n/12 go-rithms for resource-constrained de-vices to neu-tral-ize ``Har-vest Now, De-crypt Later''
 []

[37]
Overfull \hbox (9.23985pt too wide) in paragraph at lines 1151--1152
[]\T1/cmr/m/n/12 Ubiquitous, real-time rep-
 []


Overfull \hbox (56.2214pt too wide) in paragraph at lines 1152--1153
[]\T1/cmr/m/n/12 Information-theoretically
 []


Overfull \hbox (4.79785pt too wide) in paragraph at lines 1153--1154
[]\T1/cmr/m/n/12 Enabling mul-ti-ple mu-tu-ally
 []


Overfull \hbox (9.97438pt too wide) in paragraph at lines 1156--1157
[]\T1/cmr/m/n/12 Lightweight, lo-cal-ized se-cu-rity con-
 []


Overfull \hbox (11.37672pt too wide) in paragraph at lines 1157--1158
[]\T1/cmr/m/n/12 Security re-quire-
 []


Overfull \hbox (25.36652pt too wide) in paragraph at lines 1164--1165
[]\T1/cmr/m/n/12 Cryptographic proof
 []


Overfull \hbox (25.1443pt too wide) in paragraph at lines 1165--1166
[]\T1/cmr/m/n/12 Continuous
 []


Overfull \hbox (2.26656pt too wide) in paragraph at lines 1168--1169
[]\T1/cmr/m/n/12 Extracting and shar-ing
 []

[38]
Overfull \hbox (1.97917pt too wide) in paragraph at lines 1169--1170
[]\T1/cmr/m/n/12 Routing se-
 []


Overfull \hbox (21.85199pt too wide) in paragraph at lines 1171--1172
[]\T1/cmr/m/n/12 Deploying
 []


Overfull \hbox (0.88367pt too wide) in paragraph at lines 1172--1173
[]\T1/cmr/m/n/12 Mandatory in-te-gra-tion into the Simpl
 []


Overfull \hbox (49.86603pt too wide) in paragraph at lines 1174--1175
[]\T1/cmr/m/n/12 Standardized
 []


Overfull \hbox (29.74597pt too wide) in paragraph at lines 1175--1176
[]
 []


Overfull \hbox (17.52675pt too wide) in paragraph at lines 1176--1177
[]\T1/cmr/m/n/12 EU-wide
 []


Overfull \hbox (11.74062pt too wide) in paragraph at lines 1177--1178
[]\T1/cmr/m/n/12 Embedding
 []


Overfull \hbox (41.84856pt too wide) in paragraph at lines 1179--1180
[]\T1/cmr/m/n/12 Provider-agnostic sovereign
 []


Overfull \hbox (4.96594pt too wide) in paragraph at lines 1180--1181
[]\T1/cmr/m/n/12 Collaborative AI com-pu-ta-tion
 []


Overfull \hbox (6.6127pt too wide) in paragraph at lines 1180--1181
\T1/cmr/m/n/12 across ju-ris-dic-tions and com-pet-i-tive bound-aries with-out raw data leav-ing its sovereign
 []


Overfull \hbox (9.53284pt too wide) in paragraph at lines 1181--1182
[]\T1/cmr/m/n/12 Translating
 []


Overfull \hbox (17.07957pt too wide) in paragraph at lines 1182--1183
[]\T1/cmr/m/n/12 Explainability, au-ditabil-
 []

[39]
Overfull \hbox (0.68932pt too wide) in paragraph at lines 1208--1209
\T1/cmr/m/n/12 [See Chap-ter 3, Sec-tion ``Ca-pa-bil-ity Pro-files & Pro-gres-sion Ma-tri-ces'' for full 7-Dimensional
 []

[40] [41

] (./test.aux)
Package rerunfilecheck Info: File `test.out' has not changed.
(rerunfilecheck)             Checksum: 5FA0D41DD7B7BE5AD86D21438F7FD2C9;6091.
 ) 
Here is how much of TeX's memory you used:
 20811 strings out of 478268
 393531 string characters out of 5846346
 676647 words of memory out of 5000000
 38466 multiletter control sequences out of 15000+600000
 484658 words of font info for 56 fonts, out of 8000000 for 9000
 1141 hyphenation exceptions out of 8191
 84i,10n,89p,618b,827s stack positions out of 10000i,1000n,20000p,200000b,200000s
{/usr/local/texlive/2022/texmf-dist/fonts/enc/dvips/cm-super/cm-super-t1.enc}{/usr/local/texlive/2022/texmf-dist/fonts/enc/dvips/cm-super/cm-super-ts1.enc}</usr/local/texlive/2022/texmf-dist/fonts/type1/public/amsfonts/cm/cmsy10.pfb></usr/local/texlive/2022/texmf-dist/fonts/type1/public/cm-super/sfbx1095.pfb></usr/local/texlive/2022/texmf-dist/fonts/type1/public/cm-super/sfbx1200.pfb></usr/local/texlive/2022/texmf-dist/fonts/type1/public/cm-super/sfbx1440.pfb></usr/local/texlive/2022/texmf-dist/fonts/type1/public/cm-super/sfbx1728.pfb></usr/local/texlive/2022/texmf-dist/fonts/type1/public/cm-super/sfbx2074.pfb></usr/local/texlive/2022/texmf-dist/fonts/type1/public/cm-super/sfbx2488.pfb></usr/local/texlive/2022/texmf-dist/fonts/type1/public/cm-super/sfrm0800.pfb></usr/local/texlive/2022/texmf-dist/fonts/type1/public/cm-super/sfrm1095.pfb></usr/local/texlive/2022/texmf-dist/fonts/type1/public/cm-super/sfrm1200.pfb></usr/local/texlive/2022/texmf-dist/fonts/type1/public/cm-super/sfti1095.pfb></usr/local/texlive/2022/texmf-dist/fonts/type1/public/cm-super/sfti1200.pfb>
Output written on test.pdf (42 pages, 397257 bytes).
PDF statistics:
 594 PDF objects out of 1000 (max. 8388607)
 519 compressed objects within 6 object streams
 227 named destinations out of 1000 (max. 500000)
 189 words of extra memory for PDF output out of 10000 (max. 10000000)

